C51 COMPILER V7.06   MAIN                                                                  06/04/2013 19:32:19 PAGE 1   


C51 COMPILER V7.06, COMPILATION OF MODULE MAIN
OBJECT MODULE PLACED IN main.OBJ
COMPILER INVOKED BY: D:\Program Files\keil\C51\BIN\C51.EXE main.c BROWSE DEBUG OBJECTEXTEND

stmt level    source

   1          #include <reg51.h>
   2          #include "main.h"
   3          #include "delay.h"
   4          #include "spi.h"
   5          
   6          sbit LED1=P2^0;
   7          sbit LED2=P2^1;
   8          
   9          #define DAT_ADDR 0x03
  10          
  11          uchar g_ucDat;
  12          
  13          void display(uchar dat)
  14          {
  15   1              LED1=0;
  16   1              LED2=1;
  17   1              P0=(dat%10);
  18   1              delay_ms(1);
  19   1              LED2=0;LED1=1;
  20   1              P0=(dat/10);
  21   1              delay_ms(1);
  22   1      }
  23          
  24          void int0_init(void)
  25          {
  26   1              EX0=1;
  27   1              IT0=1;
  28   1              EA=1;
  29   1      }
  30          
  31          void int0_inter() interrupt 0
  32          {
  33   1              g_ucDat ++;
  34   1      }
  35          
  36          void main(void)
  37          {
  38   1              uchar tmp=0;
  39   1              g_ucDat=0;
  40   1              int0_init();
  41   1              init_SPI();
  42   1      
  43   1              write_SPI_SR(0x00);
  44   1              delay_ms(10);
  45   1              tmp=read_SPI_SR();
  46   1      
  47   1              tmp=read_SPI(DAT_ADDR);
  48   1              if(tmp == 0xFF)
  49   1              {
  50   2                      tmp=0;
  51   2                      write_SPI(tmp,DAT_ADDR);
  52   2                      delay_ms(10);
  53   2              }
  54   1              g_ucDat =tmp;
  55   1      
C51 COMPILER V7.06   MAIN                                                                  06/04/2013 19:32:19 PAGE 2   

  56   1              while(1)
  57   1              {
  58   2                      if (tmp != g_ucDat)
  59   2                      {
  60   3                              if(g_ucDat > 99)
  61   3                              {
  62   4                                      g_ucDat=1;
  63   4                              }
  64   3                              tmp=g_ucDat;
  65   3                              write_SPI(tmp,DAT_ADDR);
  66   3                              delay_ms(10);
  67   3                      }
  68   2      
  69   2                      display(tmp);
  70   2              }
  71   1      }


MODULE INFORMATION:   STATIC OVERLAYABLE
   CODE SIZE        =    151    ----
   CONSTANT SIZE    =   ----    ----
   XDATA SIZE       =   ----    ----
   PDATA SIZE       =   ----    ----
   DATA SIZE        =      1       2
   IDATA SIZE       =   ----    ----
   BIT SIZE         =   ----    ----
END OF MODULE INFORMATION.


C51 COMPILATION COMPLETE.  0 WARNING(S),  0 ERROR(S)
