BL51 BANKED LINKER/LOCATER V5.03                                                        06/04/2013  19:32:19  PAGE 1


BL51 BANKED LINKER/LOCATER V5.03, INVOKED BY:
D:\PROGRAM FILES\KEIL\C51\BIN\BL51.EXE .\STARTUP.obj, spi.obj, delay.obj, main.obj TO test


MEMORY MODEL: SMALL


INPUT MODULES INCLUDED:
  .\STARTUP.obj (?C_STARTUP)
  spi.obj (SPI)
  delay.obj (DELAY)
  main.obj (MAIN)


LINK MAP OF MODULE:  test (?C_STARTUP)


            TYPE    BASE      LENGTH    RELOCATION   SEGMENT NAME
            -----------------------------------------------------

            * * * * * * *   D A T A   M E M O R Y   * * * * * * *
            REG     0000H     0008H     ABSOLUTE     "REG BANK 0"
            DATA    0008H     0002H     UNIT         _DATA_GROUP_
            DATA    000AH     0001H     UNIT         ?DT?MAIN
            IDATA   000BH     0001H     UNIT         ?STACK

            * * * * * * *   C O D E   M E M O R Y   * * * * * * *
            CODE    0000H     0003H     ABSOLUTE     
            CODE    0003H     0003H     ABSOLUTE     
            CODE    0006H     0064H     UNIT         ?PR?MAIN?MAIN
            CODE    006AH     0029H     UNIT         ?PR?_DISPLAY?MAIN
            CODE    0093H     0020H     UNIT         ?PR?_SPI_WRITE_BYTE?SPI
            CODE    00B3H     001EH     UNIT         ?PR?SPI_READ_BYTE?SPI
            CODE    00D1H     001AH     UNIT         ?PR?_READ_SPI?SPI
            CODE    00EBH     0016H     UNIT         ?PR?DELAY?SPI
            CODE    0101H     0016H     UNIT         ?PR?_WRITE_SPI?SPI
            CODE    0117H     0016H     UNIT         ?PR?_DELAY_MS?DELAY
            CODE    012DH     0015H     UNIT         ?PR?READ_SPI_SR?SPI
            CODE    0142H     0014H     UNIT         ?PR?INIT_SPI?SPI
            CODE    0156H     000FH     UNIT         ?PR?_WRITE_SPI_SR?SPI
            CODE    0165H     000CH     UNIT         ?C_C51STARTUP
            CODE    0171H     0007H     UNIT         ?PR?INT0_INIT?MAIN
            CODE    0178H     0003H     UNIT         ?PR?INT0_INTER?MAIN



OVERLAY MAP OF MODULE:   test (?C_STARTUP)


SEGMENT                           DATA_GROUP 
  +--> CALLED SEGMENT           START    LENGTH
-----------------------------------------------
?C_C51STARTUP                   -----    -----
  +--> ?PR?MAIN?MAIN

?PR?MAIN?MAIN                   0008H    0001H
  +--> ?PR?INT0_INIT?MAIN
  +--> ?PR?INIT_SPI?SPI
BL51 BANKED LINKER/LOCATER V5.03                                                      06/04/2013  19:32:19  PAGE 2


  +--> ?PR?_WRITE_SPI_SR?SPI
  +--> ?PR?_DELAY_MS?DELAY
  +--> ?PR?READ_SPI_SR?SPI
  +--> ?PR?_READ_SPI?SPI
  +--> ?PR?_WRITE_SPI?SPI
  +--> ?PR?_DISPLAY?MAIN

?PR?INIT_SPI?SPI                -----    -----
  +--> ?PR?DELAY?SPI

?PR?DELAY?SPI                   -----    -----
  +--> ?PR?_SPI_WRITE_BYTE?SPI

?PR?_WRITE_SPI_SR?SPI           -----    -----
  +--> ?PR?DELAY?SPI
  +--> ?PR?_SPI_WRITE_BYTE?SPI

?PR?READ_SPI_SR?SPI             -----    -----
  +--> ?PR?DELAY?SPI
  +--> ?PR?_SPI_WRITE_BYTE?SPI
  +--> ?PR?SPI_READ_BYTE?SPI

?PR?SPI_READ_BYTE?SPI           -----    -----
  +--> ?PR?DELAY?SPI

?PR?_READ_SPI?SPI               -----    -----
  +--> ?PR?DELAY?SPI
  +--> ?PR?_SPI_WRITE_BYTE?SPI
  +--> ?PR?SPI_READ_BYTE?SPI

?PR?_WRITE_SPI?SPI              -----    -----
  +--> ?PR?DELAY?SPI
  +--> ?PR?_SPI_WRITE_BYTE?SPI

?PR?_DISPLAY?MAIN               0009H    0001H
  +--> ?PR?_DELAY_MS?DELAY



SYMBOL TABLE OF MODULE:  test (?C_STARTUP)

  VALUE           TYPE          NAME
  ----------------------------------

  -------         MODULE        ?C_STARTUP
  C:0165H         SEGMENT       ?C_C51STARTUP
  I:000BH         SEGMENT       ?STACK
  C:0000H         PUBLIC        ?C_STARTUP
  D:00E0H         SYMBOL        ACC
  D:00F0H         SYMBOL        B
  D:0083H         SYMBOL        DPH
  D:0082H         SYMBOL        DPL
  N:0000H         SYMBOL        IBPSTACK
  N:0100H         SYMBOL        IBPSTACKTOP
  N:0080H         SYMBOL        IDATALEN
  C:0168H         SYMBOL        IDATALOOP
  N:0000H         SYMBOL        PBPSTACK
BL51 BANKED LINKER/LOCATER V5.03                                                      06/04/2013  19:32:19  PAGE 3


  N:0000H         SYMBOL        PBPSTACKTOP
  N:0000H         SYMBOL        PDATALEN
  N:0000H         SYMBOL        PDATASTART
  N:0000H         SYMBOL        PPAGE
  N:0000H         SYMBOL        PPAGEENABLE
  D:00A0H         SYMBOL        PPAGE_SFR
  D:0081H         SYMBOL        SP
  C:0165H         SYMBOL        STARTUP1
  N:0000H         SYMBOL        XBPSTACK
  N:0000H         SYMBOL        XBPSTACKTOP
  N:0000H         SYMBOL        XDATALEN
  N:0000H         SYMBOL        XDATASTART
  C:0000H         LINE#         92
  C:0165H         LINE#         99
  C:0167H         LINE#         100
  C:0168H         LINE#         101
  C:0169H         LINE#         102
  C:016BH         LINE#         151
  C:016EH         LINE#         155
  -------         ENDMOD        ?C_STARTUP

  -------         MODULE        SPI
  C:0000H         SYMBOL        _ICE_DUMMY_
  D:00A0H         PUBLIC        P2
  C:00B3H         PUBLIC        SPI_read_byte
  C:0142H         PUBLIC        init_SPI
  C:00FCH         PUBLIC        delay
  B:00A0H.7       PUBLIC        CS
  C:00D1H         PUBLIC        _read_SPI
  C:0101H         PUBLIC        _write_SPI
  B:00A0H.6       PUBLIC        SDI
  C:0156H         PUBLIC        _write_SPI_SR
  B:00A0H.4       PUBLIC        SCK
  B:00A0H.5       PUBLIC        SDO
  C:012DH         PUBLIC        read_SPI_SR
  C:0098H         PUBLIC        _SPI_write_byte
  C:00F7H         SYMBOL        L?0016
  -------         PROC          L?0015
  -------         ENDPROC       L?0015
  C:00F7H         SYMBOL        L?0016
  -------         PROC          DELAY
  C:00FCH         LINE#         17
  C:00FCH         LINE#         18
  C:00FCH         LINE#         19
  C:00FEH         LINE#         20
  C:0100H         LINE#         21
  -------         ENDPROC       DELAY
  -------         PROC          INIT_SPI
  C:0142H         LINE#         23
  C:0142H         LINE#         24
  C:0142H         LINE#         25
  C:0144H         LINE#         26
  C:0147H         LINE#         27
  C:0149H         LINE#         28
  C:014CH         LINE#         29
  C:014EH         LINE#         30
  C:0151H         LINE#         31
BL51 BANKED LINKER/LOCATER V5.03                                                      06/04/2013  19:32:19  PAGE 4


  C:0153H         LINE#         32
  -------         ENDPROC       INIT_SPI
  -------         PROC          SPI_READ_BYTE
  -------         DO            
  D:0006H         SYMBOL        i
  D:0007H         SYMBOL        dat
  -------         ENDDO         
  C:00B3H         LINE#         35
  C:00B3H         LINE#         36
  C:00B3H         LINE#         38
  C:00B5H         LINE#         39
  C:00B7H         LINE#         40
  C:00B8H         LINE#         41
  C:00B8H         LINE#         42
  C:00BAH         LINE#         43
  C:00BDH         LINE#         44
  C:00BFH         LINE#         45
  C:00C2H         LINE#         46
  C:00C6H         LINE#         47
  C:00CCH         LINE#         48
  C:00D0H         LINE#         49
  C:00D0H         LINE#         50
  -------         ENDPROC       SPI_READ_BYTE
  C:0093H         SYMBOL        L?0018
  -------         PROC          L?0017
  -------         ENDPROC       L?0017
  C:0093H         SYMBOL        L?0018
  -------         PROC          _SPI_WRITE_BYTE
  D:0007H         SYMBOL        dat
  -------         DO            
  D:0006H         SYMBOL        i
  -------         ENDDO         
  C:0098H         LINE#         52
  C:0098H         LINE#         53
  C:0098H         LINE#         55
  C:009AH         LINE#         56
  C:009CH         LINE#         57
  C:009CH         LINE#         58
  C:00A0H         LINE#         59
  C:00A2H         LINE#         60
  C:00A5H         LINE#         61
  C:00A7H         LINE#         62
  C:00AAH         LINE#         63
  C:00AEH         LINE#         64
  C:00B2H         LINE#         65
  -------         ENDPROC       _SPI_WRITE_BYTE
  -------         PROC          _WRITE_SPI
  D:0004H         SYMBOL        dat
  D:0005H         SYMBOL        addr
  C:0101H         LINE#         67
  C:0103H         LINE#         68
  C:0103H         LINE#         69
  C:0105H         LINE#         70
  C:0105H         LINE#         71
  C:0105H         LINE#         72
  C:0105H         LINE#         73
  C:0105H         LINE#         74
BL51 BANKED LINKER/LOCATER V5.03                                                      06/04/2013  19:32:19  PAGE 5


  C:0105H         LINE#         75
  C:0105H         LINE#         76
  C:0108H         LINE#         77
  C:010AH         LINE#         78
  C:010DH         LINE#         79
  C:0112H         LINE#         80
  C:0114H         LINE#         81
  C:0116H         LINE#         82
  -------         ENDPROC       _WRITE_SPI
  -------         PROC          _READ_SPI
  D:0005H         SYMBOL        addr
  -------         DO            
  D:0007H         SYMBOL        dat
  -------         ENDDO         
  C:00D1H         LINE#         84
  C:00D3H         LINE#         85
  C:00D3H         LINE#         87
  C:00D5H         LINE#         88
  C:00D5H         LINE#         89
  C:00D5H         LINE#         90
  C:00D8H         LINE#         91
  C:00DAH         LINE#         92
  C:00DDH         LINE#         93
  C:00E0H         LINE#         94
  C:00E2H         LINE#         95
  C:00E5H         LINE#         96
  C:00E7H         LINE#         97
  C:00EAH         LINE#         98
  C:00EAH         LINE#         99
  -------         ENDPROC       _READ_SPI
  -------         PROC          _WRITE_SPI_SR
  D:0005H         SYMBOL        sReg
  C:0156H         LINE#         101
  C:0158H         LINE#         102
  C:0158H         LINE#         103
  C:0158H         LINE#         104
  C:0158H         LINE#         105
  C:0158H         LINE#         106
  C:0158H         LINE#         107
  C:0158H         LINE#         108
  C:0158H         LINE#         109
  C:015BH         LINE#         110
  C:015DH         LINE#         111
  C:0160H         LINE#         112
  C:0162H         LINE#         113
  -------         ENDPROC       _WRITE_SPI_SR
  -------         PROC          READ_SPI_SR
  -------         DO            
  D:0007H         SYMBOL        sReg
  -------         ENDDO         
  C:012DH         LINE#         116
  C:012DH         LINE#         117
  C:012DH         LINE#         118
  C:012FH         LINE#         119
  C:0131H         LINE#         120
  C:0134H         LINE#         121
  C:0139H         LINE#         122
BL51 BANKED LINKER/LOCATER V5.03                                                      06/04/2013  19:32:19  PAGE 6


  C:013CH         LINE#         123
  C:013EH         LINE#         124
  C:0141H         LINE#         125
  C:0141H         LINE#         126
  -------         ENDPROC       READ_SPI_SR
  -------         ENDMOD        SPI

  -------         MODULE        DELAY
  C:0000H         SYMBOL        _ICE_DUMMY_
  C:0117H         PUBLIC        _delay_ms
  -------         PROC          _DELAY_MS
  D:0006H         SYMBOL        timer
  -------         DO            
  D:0005H         SYMBOL        j
  -------         ENDDO         
  C:0117H         LINE#         11
  C:0117H         LINE#         12
  C:0117H         LINE#         13
  C:0117H         LINE#         14
  C:0121H         LINE#         15
  C:0121H         LINE#         16
  C:0129H         LINE#         17
  C:0129H         LINE#         19
  C:012CH         LINE#         20
  C:012CH         LINE#         21
  -------         ENDPROC       _DELAY_MS
  -------         ENDMOD        DELAY

  -------         MODULE        MAIN
  C:0000H         SYMBOL        _ICE_DUMMY_
  D:0080H         PUBLIC        P0
  D:00A0H         PUBLIC        P2
  C:0178H         PUBLIC        int0_inter
  B:00A8H.7       PUBLIC        EA
  B:00A0H.0       PUBLIC        LED1
  B:00A0H.1       PUBLIC        LED2
  C:0171H         PUBLIC        int0_init
  C:0006H         PUBLIC        main
  D:000AH         PUBLIC        g_ucDat
  B:00A8H.0       PUBLIC        EX0
  B:0088H.0       PUBLIC        IT0
  C:006AH         PUBLIC        _display
  -------         PROC          _DISPLAY
  D:0009H         SYMBOL        dat
  C:006AH         LINE#         13
  C:006CH         LINE#         14
  C:006CH         LINE#         15
  C:006EH         LINE#         16
  C:0070H         LINE#         17
  C:0079H         LINE#         18
  C:0080H         LINE#         19
  C:0084H         LINE#         20
  C:008CH         LINE#         21
  -------         ENDPROC       _DISPLAY
  -------         PROC          INT0_INIT
  C:0171H         LINE#         24
  C:0171H         LINE#         25
BL51 BANKED LINKER/LOCATER V5.03                                                      06/04/2013  19:32:19  PAGE 7


  C:0171H         LINE#         26
  C:0173H         LINE#         27
  C:0175H         LINE#         28
  C:0177H         LINE#         29
  -------         ENDPROC       INT0_INIT
  -------         PROC          INT0_INTER
  C:0178H         LINE#         31
  C:0178H         LINE#         33
  C:017AH         LINE#         34
  -------         ENDPROC       INT0_INTER
  -------         PROC          MAIN
  -------         DO            
  D:0008H         SYMBOL        tmp
  -------         ENDDO         
  C:0006H         LINE#         36
  C:0006H         LINE#         37
  C:0006H         LINE#         38
  C:0009H         LINE#         39
  C:000BH         LINE#         40
  C:000EH         LINE#         41
  C:0011H         LINE#         43
  C:0016H         LINE#         44
  C:001DH         LINE#         45
  C:0022H         LINE#         47
  C:0029H         LINE#         48
  C:002EH         LINE#         49
  C:002EH         LINE#         50
  C:0031H         LINE#         51
  C:0038H         LINE#         52
  C:003FH         LINE#         53
  C:003FH         LINE#         54
  C:0042H         LINE#         56
  C:0042H         LINE#         57
  C:0042H         LINE#         58
  C:0048H         LINE#         59
  C:0048H         LINE#         60
  C:004FH         LINE#         61
  C:004FH         LINE#         62
  C:0052H         LINE#         63
  C:0052H         LINE#         64
  C:0055H         LINE#         65
  C:005CH         LINE#         66
  C:0063H         LINE#         67
  C:0063H         LINE#         69
  C:0068H         LINE#         70
  -------         ENDPROC       MAIN
  -------         ENDMOD        MAIN

Program Size: data=12.0 xdata=0 code=379
LINK/LOCATE RUN COMPLETE.  0 WARNING(S),  0 ERROR(S)
